[0.009s] Invoking command in '/home/agiuser/rviz2/dog_ws/src/base/max_description/build/max_description': CMAKE_PREFIX_PATH=${CMAKE_PREFIX_PATH}:/opt/ros/humble /usr/bin/cmake --build /home/agiuser/rviz2/dog_ws/src/base/max_description/build/max_description -- -j18 -l18
[0.046s] Invoked command in '/home/agiuser/rviz2/dog_ws/src/base/max_description/build/max_description' returned '0': CMAKE_PREFIX_PATH=${CMAKE_PREFIX_PATH}:/opt/ros/humble /usr/bin/cmake --build /home/agiuser/rviz2/dog_ws/src/base/max_description/build/max_description -- -j18 -l18
[0.053s] Invoking command in '/home/agiuser/rviz2/dog_ws/src/base/max_description/build/max_description': CMAKE_PREFIX_PATH=${CMAKE_PREFIX_PATH}:/opt/ros/humble /usr/bin/cmake --install /home/agiuser/rviz2/dog_ws/src/base/max_description/build/max_description
[0.059s] -- Install configuration: ""
[0.059s] -- Up-to-date: /home/agiuser/rviz2/dog_ws/src/base/max_description/install/max_description/share/max_description/launch
[0.059s] -- Up-to-date: /home/agiuser/rviz2/dog_ws/src/base/max_description/install/max_description/share/max_description/launch/display_launch.py
[0.059s] -- Up-to-date: /home/agiuser/rviz2/dog_ws/src/base/max_description/install/max_description/share/max_description/urdf
[0.059s] -- Installing: /home/agiuser/rviz2/dog_ws/src/base/max_description/install/max_description/share/max_description/urdf/max_init.zip
[0.059s] -- Installing: /home/agiuser/rviz2/dog_ws/src/base/max_description/install/max_description/share/max_description/urdf/max.urdf
[0.060s] -- Up-to-date: /home/agiuser/rviz2/dog_ws/src/base/max_description/install/max_description/share/max_description/meshes
[0.060s] -- Up-to-date: /home/agiuser/rviz2/dog_ws/src/base/max_description/install/max_description/share/max_description/meshes/RAR_HIP_LINK.STL
[0.060s] -- Up-to-date: /home/agiuser/rviz2/dog_ws/src/base/max_description/install/max_description/share/max_description/meshes/RBL_HIP_LINK.STL
[0.060s] -- Up-to-date: /home/agiuser/rviz2/dog_ws/src/base/max_description/install/max_description/share/max_description/meshes/BASE_LINK.STL
[0.060s] -- Up-to-date: /home/agiuser/rviz2/dog_ws/src/base/max_description/install/max_description/share/max_description/meshes/FAR_ABAD_LINK.STL
[0.060s] -- Up-to-date: /home/agiuser/rviz2/dog_ws/src/base/max_description/install/max_description/share/max_description/meshes/FAR_HIP_LINK.STL
[0.060s] -- Up-to-date: /home/agiuser/rviz2/dog_ws/src/base/max_description/install/max_description/share/max_description/meshes/FAR_KNEE_LINK.STL
[0.060s] -- Up-to-date: /home/agiuser/rviz2/dog_ws/src/base/max_description/install/max_description/share/max_description/meshes/FBL_ABAD_LINK.STL
[0.060s] -- Up-to-date: /home/agiuser/rviz2/dog_ws/src/base/max_description/install/max_description/share/max_description/meshes/RAR_KNEE_LINK.STL
[0.060s] -- Up-to-date: /home/agiuser/rviz2/dog_ws/src/base/max_description/install/max_description/share/max_description/meshes/RBL_ABAD_LINK.STL
[0.060s] -- Up-to-date: /home/agiuser/rviz2/dog_ws/src/base/max_description/install/max_description/share/max_description/meshes/FBL_KNEE_LINK.STL
[0.060s] -- Up-to-date: /home/agiuser/rviz2/dog_ws/src/base/max_description/install/max_description/share/max_description/meshes/RAR_FOOT_LINK.STL
[0.060s] -- Up-to-date: /home/agiuser/rviz2/dog_ws/src/base/max_description/install/max_description/share/max_description/meshes/FBL_FOOT_LINK.STL
[0.061s] -- Up-to-date: /home/agiuser/rviz2/dog_ws/src/base/max_description/install/max_description/share/max_description/meshes/FAR_FOOT_LINK.STL
[0.061s] -- Up-to-date: /home/agiuser/rviz2/dog_ws/src/base/max_description/install/max_description/share/max_description/meshes/RBL_KNEE_LINK.STL
[0.061s] -- Up-to-date: /home/agiuser/rviz2/dog_ws/src/base/max_description/install/max_description/share/max_description/meshes/RBL_FOOT_LINK.STL
[0.061s] -- Up-to-date: /home/agiuser/rviz2/dog_ws/src/base/max_description/install/max_description/share/max_description/meshes/FBL_HIP_LINK.STL
[0.061s] -- Up-to-date: /home/agiuser/rviz2/dog_ws/src/base/max_description/install/max_description/share/max_description/meshes/RAR_ABAD_LINK.STL
[0.061s] -- Up-to-date: /home/agiuser/rviz2/dog_ws/src/base/max_description/install/max_description/share/ament_index/resource_index/package_run_dependencies/max_description
[0.061s] -- Up-to-date: /home/agiuser/rviz2/dog_ws/src/base/max_description/install/max_description/share/ament_index/resource_index/parent_prefix_path/max_description
[0.061s] -- Up-to-date: /home/agiuser/rviz2/dog_ws/src/base/max_description/install/max_description/share/max_description/environment/ament_prefix_path.sh
[0.061s] -- Up-to-date: /home/agiuser/rviz2/dog_ws/src/base/max_description/install/max_description/share/max_description/environment/ament_prefix_path.dsv
[0.061s] -- Up-to-date: /home/agiuser/rviz2/dog_ws/src/base/max_description/install/max_description/share/max_description/environment/path.sh
[0.061s] -- Up-to-date: /home/agiuser/rviz2/dog_ws/src/base/max_description/install/max_description/share/max_description/environment/path.dsv
[0.061s] -- Up-to-date: /home/agiuser/rviz2/dog_ws/src/base/max_description/install/max_description/share/max_description/local_setup.bash
[0.061s] -- Up-to-date: /home/agiuser/rviz2/dog_ws/src/base/max_description/install/max_description/share/max_description/local_setup.sh
[0.061s] -- Up-to-date: /home/agiuser/rviz2/dog_ws/src/base/max_description/install/max_description/share/max_description/local_setup.zsh
[0.061s] -- Up-to-date: /home/agiuser/rviz2/dog_ws/src/base/max_description/install/max_description/share/max_description/local_setup.dsv
[0.062s] -- Up-to-date: /home/agiuser/rviz2/dog_ws/src/base/max_description/install/max_description/share/max_description/package.dsv
[0.062s] -- Up-to-date: /home/agiuser/rviz2/dog_ws/src/base/max_description/install/max_description/share/ament_index/resource_index/packages/max_description
[0.062s] -- Up-to-date: /home/agiuser/rviz2/dog_ws/src/base/max_description/install/max_description/share/max_description/cmake/max_descriptionConfig.cmake
[0.062s] -- Up-to-date: /home/agiuser/rviz2/dog_ws/src/base/max_description/install/max_description/share/max_description/cmake/max_descriptionConfig-version.cmake
[0.062s] -- Up-to-date: /home/agiuser/rviz2/dog_ws/src/base/max_description/install/max_description/share/max_description/package.xml
[0.063s] Invoked command in '/home/agiuser/rviz2/dog_ws/src/base/max_description/build/max_description' returned '0': CMAKE_PREFIX_PATH=${CMAKE_PREFIX_PATH}:/opt/ros/humble /usr/bin/cmake --install /home/agiuser/rviz2/dog_ws/src/base/max_description/build/max_description
