[0.010s] Invoking command in '/home/agiuser/rviz2/dog_ws/src/base/max_description/build/max_description': CMAKE_PREFIX_PATH=/opt/ros/humble /usr/bin/cmake /home/agiuser/rviz2/dog_ws/src/base/max_description -DCMAKE_INSTALL_PREFIX=/home/agiuser/rviz2/dog_ws/src/base/max_description/install/max_description
[0.055s] -- The C compiler identification is GNU 11.4.0
[0.101s] -- The CXX compiler identification is GNU 11.4.0
[0.108s] -- Detecting C compiler ABI info
[0.174s] -- Detecting C compiler ABI info - done
[0.179s] -- Check for working C compiler: /usr/bin/cc - skipped
[0.179s] -- Detecting C compile features
[0.180s] -- Detecting C compile features - done
[0.182s] -- Detecting CXX compiler ABI info
[0.249s] -- Detecting CXX compiler ABI info - done
[0.256s] -- Check for working CXX compiler: /usr/bin/c++ - skipped
[0.257s] -- Detecting CXX compile features
[0.257s] -- Detecting CXX compile features - done
[0.259s] -- Found ament_cmake: 1.3.12 (/opt/ros/humble/share/ament_cmake/cmake)
[0.385s] -- Found Python3: /usr/bin/python3 (found version "3.10.12") found components: Interpreter 
[0.444s] -- Found ament_lint_auto: 0.12.14 (/opt/ros/humble/share/ament_lint_auto/cmake)
[0.500s] -- Added test 'cppcheck' to perform static code analysis on C / C++ code
[0.500s] -- Configured cppcheck include dirs: 
[0.500s] -- Configured cppcheck exclude dirs and/or files: 
[0.501s] -- Added test 'flake8' to check Python code syntax and style conventions
[0.502s] -- Added test 'lint_cmake' to check CMake code style
[0.502s] -- Added test 'pep257' to check Python code against some of the docstring style conventions in PEP 257
[0.505s] -- Added test 'uncrustify' to check C / C++ code style
[0.505s] -- Configured uncrustify additional arguments: 
[0.505s] -- Added test 'xmllint' to check XML markup files
[0.506s] -- Configuring done
[0.508s] -- Generating done
[0.509s] -- Build files have been written to: /home/agiuser/rviz2/dog_ws/src/base/max_description/build/max_description
[0.512s] Invoked command in '/home/agiuser/rviz2/dog_ws/src/base/max_description/build/max_description' returned '0': CMAKE_PREFIX_PATH=/opt/ros/humble /usr/bin/cmake /home/agiuser/rviz2/dog_ws/src/base/max_description -DCMAKE_INSTALL_PREFIX=/home/agiuser/rviz2/dog_ws/src/base/max_description/install/max_description
[0.514s] Invoking command in '/home/agiuser/rviz2/dog_ws/src/base/max_description/build/max_description': CMAKE_PREFIX_PATH=/opt/ros/humble /usr/bin/cmake --build /home/agiuser/rviz2/dog_ws/src/base/max_description/build/max_description -- -j18 -l18
[0.549s] Invoked command in '/home/agiuser/rviz2/dog_ws/src/base/max_description/build/max_description' returned '0': CMAKE_PREFIX_PATH=/opt/ros/humble /usr/bin/cmake --build /home/agiuser/rviz2/dog_ws/src/base/max_description/build/max_description -- -j18 -l18
[0.559s] Invoking command in '/home/agiuser/rviz2/dog_ws/src/base/max_description/build/max_description': CMAKE_PREFIX_PATH=/opt/ros/humble /usr/bin/cmake --install /home/agiuser/rviz2/dog_ws/src/base/max_description/build/max_description
[0.565s] -- Install configuration: ""
[0.565s] -- Installing: /home/agiuser/rviz2/dog_ws/src/base/max_description/install/max_description/share/max_description/launch
[0.565s] -- Installing: /home/agiuser/rviz2/dog_ws/src/base/max_description/install/max_description/share/max_description/launch/display_launch.py
[0.566s] -- Installing: /home/agiuser/rviz2/dog_ws/src/base/max_description/install/max_description/share/max_description/urdf
[0.566s] -- Installing: /home/agiuser/rviz2/dog_ws/src/base/max_description/install/max_description/share/max_description/urdf/max.urdf
[0.566s] -- Installing: /home/agiuser/rviz2/dog_ws/src/base/max_description/install/max_description/share/max_description/meshes
[0.566s] -- Installing: /home/agiuser/rviz2/dog_ws/src/base/max_description/install/max_description/share/max_description/meshes/RAR_HIP_LINK.STL
[0.572s] -- Installing: /home/agiuser/rviz2/dog_ws/src/base/max_description/install/max_description/share/max_description/meshes/RBL_HIP_LINK.STL
[0.577s] -- Installing: /home/agiuser/rviz2/dog_ws/src/base/max_description/install/max_description/share/max_description/meshes/BASE_LINK.STL
[0.602s] -- Installing: /home/agiuser/rviz2/dog_ws/src/base/max_description/install/max_description/share/max_description/meshes/FAR_ABAD_LINK.STL
[0.603s] -- Installing: /home/agiuser/rviz2/dog_ws/src/base/max_description/install/max_description/share/max_description/meshes/FAR_HIP_LINK.STL
[0.608s] -- Installing: /home/agiuser/rviz2/dog_ws/src/base/max_description/install/max_description/share/max_description/meshes/FAR_KNEE_LINK.STL
[0.614s] -- Installing: /home/agiuser/rviz2/dog_ws/src/base/max_description/install/max_description/share/max_description/meshes/FBL_ABAD_LINK.STL
[0.615s] -- Installing: /home/agiuser/rviz2/dog_ws/src/base/max_description/install/max_description/share/max_description/meshes/RAR_KNEE_LINK.STL
[0.619s] -- Installing: /home/agiuser/rviz2/dog_ws/src/base/max_description/install/max_description/share/max_description/meshes/RBL_ABAD_LINK.STL
[0.620s] -- Installing: /home/agiuser/rviz2/dog_ws/src/base/max_description/install/max_description/share/max_description/meshes/FBL_KNEE_LINK.STL
[0.624s] -- Installing: /home/agiuser/rviz2/dog_ws/src/base/max_description/install/max_description/share/max_description/meshes/RAR_FOOT_LINK.STL
[0.628s] -- Installing: /home/agiuser/rviz2/dog_ws/src/base/max_description/install/max_description/share/max_description/meshes/FBL_FOOT_LINK.STL
[0.630s] -- Installing: /home/agiuser/rviz2/dog_ws/src/base/max_description/install/max_description/share/max_description/meshes/FAR_FOOT_LINK.STL
[0.633s] -- Installing: /home/agiuser/rviz2/dog_ws/src/base/max_description/install/max_description/share/max_description/meshes/RBL_KNEE_LINK.STL
[0.637s] -- Installing: /home/agiuser/rviz2/dog_ws/src/base/max_description/install/max_description/share/max_description/meshes/RBL_FOOT_LINK.STL
[0.640s] -- Installing: /home/agiuser/rviz2/dog_ws/src/base/max_description/install/max_description/share/max_description/meshes/FBL_HIP_LINK.STL
[0.645s] -- Installing: /home/agiuser/rviz2/dog_ws/src/base/max_description/install/max_description/share/max_description/meshes/RAR_ABAD_LINK.STL
[0.646s] -- Installing: /home/agiuser/rviz2/dog_ws/src/base/max_description/install/max_description/share/ament_index/resource_index/package_run_dependencies/max_description
[0.647s] -- Installing: /home/agiuser/rviz2/dog_ws/src/base/max_description/install/max_description/share/ament_index/resource_index/parent_prefix_path/max_description
[0.647s] -- Installing: /home/agiuser/rviz2/dog_ws/src/base/max_description/install/max_description/share/max_description/environment/ament_prefix_path.sh
[0.647s] -- Installing: /home/agiuser/rviz2/dog_ws/src/base/max_description/install/max_description/share/max_description/environment/ament_prefix_path.dsv
[0.647s] -- Installing: /home/agiuser/rviz2/dog_ws/src/base/max_description/install/max_description/share/max_description/environment/path.sh
[0.647s] -- Installing: /home/agiuser/rviz2/dog_ws/src/base/max_description/install/max_description/share/max_description/environment/path.dsv
[0.647s] -- Installing: /home/agiuser/rviz2/dog_ws/src/base/max_description/install/max_description/share/max_description/local_setup.bash
[0.647s] -- Installing: /home/agiuser/rviz2/dog_ws/src/base/max_description/install/max_description/share/max_description/local_setup.sh
[0.647s] -- Installing: /home/agiuser/rviz2/dog_ws/src/base/max_description/install/max_description/share/max_description/local_setup.zsh
[0.647s] -- Installing: /home/agiuser/rviz2/dog_ws/src/base/max_description/install/max_description/share/max_description/local_setup.dsv
[0.647s] -- Installing: /home/agiuser/rviz2/dog_ws/src/base/max_description/install/max_description/share/max_description/package.dsv
[0.648s] -- Installing: /home/agiuser/rviz2/dog_ws/src/base/max_description/install/max_description/share/ament_index/resource_index/packages/max_description
[0.648s] -- Installing: /home/agiuser/rviz2/dog_ws/src/base/max_description/install/max_description/share/max_description/cmake/max_descriptionConfig.cmake
[0.648s] -- Installing: /home/agiuser/rviz2/dog_ws/src/base/max_description/install/max_description/share/max_description/cmake/max_descriptionConfig-version.cmake
[0.648s] -- Installing: /home/agiuser/rviz2/dog_ws/src/base/max_description/install/max_description/share/max_description/package.xml
[0.649s] Invoked command in '/home/agiuser/rviz2/dog_ws/src/base/max_description/build/max_description' returned '0': CMAKE_PREFIX_PATH=/opt/ros/humble /usr/bin/cmake --install /home/agiuser/rviz2/dog_ws/src/base/max_description/build/max_description
