-- Install configuration: ""
-- Up-to-date: /home/agiuser/rviz2/dog_ws/src/base/max_description/install/max_description/share/max_description/launch
-- Up-to-date: /home/agiuser/rviz2/dog_ws/src/base/max_description/install/max_description/share/max_description/launch/display_launch.py
-- Up-to-date: /home/agiuser/rviz2/dog_ws/src/base/max_description/install/max_description/share/max_description/urdf
-- Up-to-date: /home/agiuser/rviz2/dog_ws/src/base/max_description/install/max_description/share/max_description/urdf/max_init.zip
-- Up-to-date: /home/agiuser/rviz2/dog_ws/src/base/max_description/install/max_description/share/max_description/urdf/max_init
-- Up-to-date: /home/agiuser/rviz2/dog_ws/src/base/max_description/install/max_description/share/max_description/urdf/max_init.urdf
-- Installing: /home/agiuser/rviz2/dog_ws/src/base/max_description/install/max_description/share/max_description/urdf/max.urdf
-- Up-to-date: /home/agiuser/rviz2/dog_ws/src/base/max_description/install/max_description/share/max_description/meshes
-- Up-to-date: /home/agiuser/rviz2/dog_ws/src/base/max_description/install/max_description/share/max_description/meshes/RAR_HIP_LINK.STL
-- Up-to-date: /home/agiuser/rviz2/dog_ws/src/base/max_description/install/max_description/share/max_description/meshes/IMU_ICM42688_LINK.STL
-- Up-to-date: /home/agiuser/rviz2/dog_ws/src/base/max_description/install/max_description/share/max_description/meshes/RBL_HIP_LINK.STL
-- Up-to-date: /home/agiuser/rviz2/dog_ws/src/base/max_description/install/max_description/share/max_description/meshes/RAR_LIHGT_LINK.STL
-- Up-to-date: /home/agiuser/rviz2/dog_ws/src/base/max_description/install/max_description/share/max_description/meshes/BASE_LINK.STL
-- Up-to-date: /home/agiuser/rviz2/dog_ws/src/base/max_description/install/max_description/share/max_description/meshes/FAR_ABAD_LINK.STL
-- Up-to-date: /home/agiuser/rviz2/dog_ws/src/base/max_description/install/max_description/share/max_description/meshes/FAR_HIP_LINK.STL
-- Up-to-date: /home/agiuser/rviz2/dog_ws/src/base/max_description/install/max_description/share/max_description/meshes/IMU_LUA300C_LINK.STL
-- Up-to-date: /home/agiuser/rviz2/dog_ws/src/base/max_description/install/max_description/share/max_description/meshes/FBL_LIHGT_LINK.STL
-- Up-to-date: /home/agiuser/rviz2/dog_ws/src/base/max_description/install/max_description/share/max_description/meshes/FAR_KNEE_LINK.STL
-- Up-to-date: /home/agiuser/rviz2/dog_ws/src/base/max_description/install/max_description/share/max_description/meshes/FBL_ABAD_LINK.STL
-- Up-to-date: /home/agiuser/rviz2/dog_ws/src/base/max_description/install/max_description/share/max_description/meshes/base_link.m_p
-- Up-to-date: /home/agiuser/rviz2/dog_ws/src/base/max_description/install/max_description/share/max_description/meshes/RAR_KNEE_LINK.STL
-- Up-to-date: /home/agiuser/rviz2/dog_ws/src/base/max_description/install/max_description/share/max_description/meshes/RBL_ABAD_LINK.STL
-- Up-to-date: /home/agiuser/rviz2/dog_ws/src/base/max_description/install/max_description/share/max_description/meshes/FBL_KNEE_LINK.STL
-- Up-to-date: /home/agiuser/rviz2/dog_ws/src/base/max_description/install/max_description/share/max_description/meshes/RAR_FOOT_LINK.STL
-- Up-to-date: /home/agiuser/rviz2/dog_ws/src/base/max_description/install/max_description/share/max_description/meshes/F_AIRY_LINK.STL
-- Up-to-date: /home/agiuser/rviz2/dog_ws/src/base/max_description/install/max_description/share/max_description/meshes/R_AIRY_LINK.STL
-- Up-to-date: /home/agiuser/rviz2/dog_ws/src/base/max_description/install/max_description/share/max_description/meshes/FAR_LIHGT_LINK.STL
-- Up-to-date: /home/agiuser/rviz2/dog_ws/src/base/max_description/install/max_description/share/max_description/meshes/FBL_FOOT_LINK.STL
-- Up-to-date: /home/agiuser/rviz2/dog_ws/src/base/max_description/install/max_description/share/max_description/meshes/RBL_LIHGT_LINK.STL
-- Up-to-date: /home/agiuser/rviz2/dog_ws/src/base/max_description/install/max_description/share/max_description/meshes/FAR_FOOT_LINK.STL
-- Up-to-date: /home/agiuser/rviz2/dog_ws/src/base/max_description/install/max_description/share/max_description/meshes/R_IMX415_LINK.STL
-- Up-to-date: /home/agiuser/rviz2/dog_ws/src/base/max_description/install/max_description/share/max_description/meshes/RBL_KNEE_LINK.STL
-- Up-to-date: /home/agiuser/rviz2/dog_ws/src/base/max_description/install/max_description/share/max_description/meshes/FBL_RADARA22_LINK.STL
-- Up-to-date: /home/agiuser/rviz2/dog_ws/src/base/max_description/install/max_description/share/max_description/meshes/F_IMX415_LINK.STL
-- Up-to-date: /home/agiuser/rviz2/dog_ws/src/base/max_description/install/max_description/share/max_description/meshes/RBL_FOOT_LINK.STL
-- Up-to-date: /home/agiuser/rviz2/dog_ws/src/base/max_description/install/max_description/share/max_description/meshes/FBL_HIP_LINK.STL
-- Up-to-date: /home/agiuser/rviz2/dog_ws/src/base/max_description/install/max_description/share/max_description/meshes/FAR_RADARA22_LINK.STL
-- Up-to-date: /home/agiuser/rviz2/dog_ws/src/base/max_description/install/max_description/share/max_description/meshes/RAR_ABAD_LINK.STL
-- Up-to-date: /home/agiuser/rviz2/dog_ws/src/base/max_description/install/max_description/share/ament_index/resource_index/package_run_dependencies/max_description
-- Up-to-date: /home/agiuser/rviz2/dog_ws/src/base/max_description/install/max_description/share/ament_index/resource_index/parent_prefix_path/max_description
-- Up-to-date: /home/agiuser/rviz2/dog_ws/src/base/max_description/install/max_description/share/max_description/environment/ament_prefix_path.sh
-- Up-to-date: /home/agiuser/rviz2/dog_ws/src/base/max_description/install/max_description/share/max_description/environment/ament_prefix_path.dsv
-- Up-to-date: /home/agiuser/rviz2/dog_ws/src/base/max_description/install/max_description/share/max_description/environment/path.sh
-- Up-to-date: /home/agiuser/rviz2/dog_ws/src/base/max_description/install/max_description/share/max_description/environment/path.dsv
-- Up-to-date: /home/agiuser/rviz2/dog_ws/src/base/max_description/install/max_description/share/max_description/local_setup.bash
-- Up-to-date: /home/agiuser/rviz2/dog_ws/src/base/max_description/install/max_description/share/max_description/local_setup.sh
-- Up-to-date: /home/agiuser/rviz2/dog_ws/src/base/max_description/install/max_description/share/max_description/local_setup.zsh
-- Up-to-date: /home/agiuser/rviz2/dog_ws/src/base/max_description/install/max_description/share/max_description/local_setup.dsv
-- Installing: /home/agiuser/rviz2/dog_ws/src/base/max_description/install/max_description/share/max_description/package.dsv
-- Up-to-date: /home/agiuser/rviz2/dog_ws/src/base/max_description/install/max_description/share/ament_index/resource_index/packages/max_description
-- Up-to-date: /home/agiuser/rviz2/dog_ws/src/base/max_description/install/max_description/share/max_description/cmake/max_descriptionConfig.cmake
-- Up-to-date: /home/agiuser/rviz2/dog_ws/src/base/max_description/install/max_description/share/max_description/cmake/max_descriptionConfig-version.cmake
-- Up-to-date: /home/agiuser/rviz2/dog_ws/src/base/max_description/install/max_description/share/max_description/package.xml
